---
source: crates/rattler_repodata_gateway/tests/gateway.rs
assertion_line: 129
expression: "records.into_values().flat_map(|record|\n                    record.into_iter()).map(|record|\n                format!(\"{}/{}\", & record.package_record.subdir, &\n                    record.file_name)).sorted().collect::<Vec<_>>()"
---
[]

